// Jest Snapshot v1, https://goo.gl/fbAQLP

exports[`<ImageGrid /> matches saved snapshot 1`] = `
<div
  className="image-grid container"
>
  <div
    className="row"
  />
</div>
`;
